<html>
<body>
<pre>
<h1>礦ision Build Log</h1>
<h2>Tool Versions:</h2>
IDE-Version: μVision V5.24.2.0
Copyright (C) 2017 ARM Ltd and ARM Germany GmbH. All rights reserved.
License Information: Zhengan Yuan, 42, LIC=TIVNB-293Z2-HLRCL-0VS4S-5ZIPF-ZHWIM
 
Tool Versions:
Toolchain:       MDK-ARM Plus  Version: 5.24.1
Toolchain Path:  D:\Keil5\KeilSTM32F1\ARM\ARMCC\Bin
C Compiler:      Armcc.exe V5.06 update 5 (build 528)
Assembler:       Armasm.exe V5.06 update 5 (build 528)
Linker/Locator:  ArmLink.exe V5.06 update 5 (build 528)
Library Manager: ArmAr.exe V5.06 update 5 (build 528)
Hex Converter:   FromElf.exe V5.06 update 5 (build 528)
CPU DLL:         SARMCM3.DLL V5.24.1
Dialog DLL:      DCM.DLL V1.16.0.0
Target DLL:      STLink\ST-LINKIII-KEIL_SWO.dll V3.0.1.0
Dialog DLL:      TCM.DLL V1.32.0.0
 
<h2>Project:</h2>
C:\Users\lenovo\Desktop\马面鱼的东西\测试（转正）\步进大融合\大板子直流电机（正版，就是这个！）\Motor_Control.uvprojx
Project File Date:  09/05/2026

<h2>Output:</h2>
*** Using Compiler 'V5.06 update 5 (build 528)', folder: 'D:\Keil5\KeilSTM32F1\ARM\ARMCC\Bin'
Build target 'Motor_Control'
assembling startup_stm32f407xx.s...
compiling relay.c...
compiling delay.c...
compiling system_stm32f4xx.c...
compiling stm32f4xx_it.c...
compiling motor.c...
compiling pwm.c...
compiling main.c...
compiling usart.c...
compiling stepper.c...
linking...
Program Size: Code=4712 RO-data=560 RW-data=24 ZI-data=1224  
FromELF: creating hex file...
".\Output\Motor_Control.axf" - 0 Error(s), 0 Warning(s).

<h2>Software Packages used:</h2>

Package Vendor: Keil
                http://www.keil.com/pack/Keil.STM32F4xx_DFP.2.8.0.pack
                Keil.STM32F4xx_DFP.2.8.0
                STMicroelectronics STM32F4 Series Device Support, Drivers and Examples

<h2>Collection of Component include folders:</h2>
  .\RTE\_Motor_Control
  D:\Keil5\KeilSTM32F1\ARM\PACK\Keil\STM32F4xx_DFP\2.8.0\Drivers\CMSIS\Device\ST\STM32F4xx\Include

<h2>Collection of Component Files used:</h2>
Build Time Elapsed:  00:00:02
</pre>
</body>
</html>
